// Jest Snapshot v1, https://goo.gl/fbAQLP

exports[`snapshot 1`] = `"<div class=\\"app-section game-container\\"><div class=\\"mine-sweeper-container\\"><div class=\\"mine-sweeper-row\\"><div class=\\"mine-sweeper-item \\"></div><div class=\\"mine-sweeper-item \\"></div></div><div class=\\"mine-sweeper-row\\"><div class=\\"mine-sweeper-item \\"></div><div class=\\"mine-sweeper-item \\"></div></div></div><div class=\\"panel-container\\"><div class=\\"panel-data-container\\"><span class=\\"iconfont\\" style=\\"font-size: 60px;\\"></span><div><span data-testid=\\"selectedMineCount\\">0</span>/<span data-testid=\\"mineCount\\">1</span></div></div><div><button class=\\"mine-sweeper-button\\" data-testid=\\"restart\\">重开一局</button><button class=\\"mine-sweeper-button\\" style=\\"margin-top: 15px;\\" data-testid=\\"change-difficulty\\">改变难度</button></div></div></div>"`;
